date,well_name,licence_number,mineral_rights,ground_elevation,unique_identifier,surface_coordinates,aer_field_centre,projected_depth,aer_classification,field,terminating_zone,drilling_operation,well_purpose,well_type,substance,licensee,surface_location
2025-01-02,TXNE 4B-30 HZ WAYNE 7-36-26-18,0516990,FREEHOLD,931.70M,100/07-36-026-18W4/00  N  120.0M  E,155.2M,MEDICINE HAT,3950.0M,DEV (NC),WAYNE-ROSEDALE,BASAL QUARTZ SD,HORIZONTAL,NEW,PRODUCTION,CRUDE OIL,TORXEN ENERGY LTD.,04-30-026-17W4
2025-01-02,HWN SIMON 9-32-61-25,0516991,ALBERTA CROWN,1089.20M,100/09-32-061-25W5/00  S  674.6M  W,481.6M,GRANDE PRAIRIE,6200.0M,XPL (C),SIMONETTE,MONTNEY FM,HORIZONTAL,NEW,PRODUCTION,CRUDE OIL,HWN ENERGY LTD.,10-36-061-26W5
2025-01-02,ASTARA ENERGY LEDUC-WB 4-3-50-1,0516992,BOTH,731.90M,100/04-03-050-01W5/00  N  744.7M  E,85.3M,DRAYTON VALLEY,4174.0M,DEV (C),LEDUC-WOODBEND,UPPER MANNVILLE FM,HORIZONTAL,NEW,PRODUCTION,CRUDE OIL,ASTARA ENERGY CORP.,05-27-049-01W5
